// Jest Snapshot v1, https://goo.gl/fbAQLP

exports[`Component: ProductImage matches snapshot 1`] = `
<div
  className="sc-fubCfw hbzESy"
  data-testid="product-image-container"
  size="80px"
/>
`;
